========================================================================
全量融合评测（graphs=s2, per_node=15, pool=30, preset=official_precise, samples=1, workers=8）
========================================================================
图状态（S2）: {'Memory': 1829, 'Entity': 1455, 'Event': 1074, 'Preference': 978, 'Concept': 274}
The 'chroma' vector store does not support keyword search. Hybrid (BM25) scoring will be disabled and search will use semantic similarity only. To enable hybrid search, switch to a store with keyword_search support (e.g. qdrant, elasticsearch, pgvector).
[PostHog] Multiple active PostHog clients detected for the same project API key and host. Reuse one Posthog instance per app or process when possible to avoid competing background queues and missed shutdown flushes. Multiple clients are supported when intentional.
[axes] atomic=True jev_stop=True laya_filter=True

[Evaluate] 待评测 1986 QA → full_locomo_finalD_champ_20260925_093052.jsonl
Failed to load spaCy lemma model: spaCy is not installed. Install it with: pip install mem0ai[nlp]
Failed to load spaCy full model: spaCy is not installed. Install it with: pip install mem0ai[nlp]
    进度 100/1986 (1.1 题/s, 并发 11, 图入选均值 0.0, ETA 30min)
jev_stop failed: can't multiply sequence by non-int of type 'float'
    ⚡ 限流，并发降至 12，重试 locomo_conv-26_qa160
jev_stop failed: can't multiply sequence by non-int of type 'float'
    进度 200/1986 (1.1 题/s, 并发 4, 图入选均值 0.0, ETA 26min)
jev_stop failed: can't multiply sequence by non-int of type 'float'
    ⚡ 限流，并发降至 6，重试 locomo_conv-26_qa192
jev_stop failed: can't multiply sequence by non-int of type 'float'
    进度 300/1986 (1.2 题/s, 并发 7, 图入选均值 0.0, ETA 24min)
    进度 400/1986 (1.3 题/s, 并发 9, 图入选均值 0.0, ETA 21min)
judge failed: Error code: 429 - {'error': {'code': '1302', 'message': '您的账户已达到速率限制，请您控制请求频率'}}
    ⚡ 限流，并发降至 4，重试 locomo_conv-41_qa165
    ⚡ 限流，并发降至 5，重试 locomo_conv-41_qa162
judge failed: Error code: 429 - {'error': {'code': '1302', 'message': '您的账户已达到速率限制，请您控制请求频率'}}
    ⚡ 限流，并发降至 4，重试 locomo_conv-41_qa191
    ⚡ 限流，并发降至 4，重试 locomo_conv-42_qa6
    进度 500/1986 (1.3 题/s, 并发 4, 图入选均值 0.0, ETA 20min)
    ⚡ 限流，并发降至 5，重试 locomo_conv-42_qa2
judge failed: Error code: 429 - {'error': {'code': '1302', 'message': '您的账户已达到速率限制，请您控制请求频率'}}
    ⚡ 限流，并发降至 4，重试 locomo_conv-42_qa53
    ⚡ 限流，并发降至 4，重试 locomo_conv-42_qa57
    ⚡ 限流，并发降至 4，重试 locomo_conv-42_qa58
    ⚡ 限流，并发降至 4，重试 locomo_conv-42_qa84
    ⚡ 限流，并发降至 4，重试 locomo_conv-42_qa87
    ⚡ 限流，并发降至 4，重试 locomo_conv-42_qa103
    ⚡ 限流，并发降至 4，重试 locomo_conv-42_qa104
    ⚡ 限流，并发降至 5，重试 locomo_conv-42_qa43
    进度 600/1986 (1.3 题/s, 并发 5, 图入选均值 0.0, ETA 18min)
    ⚡ 限流，并发降至 6，重试 locomo_conv-42_qa64
    ⚡ 限流，并发降至 4，重试 locomo_conv-42_qa208
jev_stop failed: can't multiply sequence by non-int of type 'float'
    ⚡ 限流，并发降至 4，重试 locomo_conv-42_qa218
    ⚡ 限流，并发降至 4，重试 locomo_conv-42_qa219
    进度 700/1986 (1.3 题/s, 并发 4, 图入选均值 0.0, ETA 17min)
    ⚡ 限流，并发降至 4，重试 locomo_conv-42_qa226
jev_stop failed: can't multiply sequence by non-int of type 'float'
    ⚡ 限流，并发降至 4，重试 locomo_conv-42_qa246
    ⚡ 限流，并发降至 5，重试 locomo_conv-43_qa8
    进度 800/1986 (1.3 题/s, 并发 5, 图入选均值 0.0, ETA 16min)
jev_stop failed: can't multiply sequence by non-int of type 'float'
    进度 900/1986 (1.3 题/s, 并发 7, 图入选均值 0.0, ETA 14min)
jev_stop failed: can't multiply sequence by non-int of type 'float'
jev_stop failed: can't multiply sequence by non-int of type 'float'
judge failed: Error code: 429 - {'error': {'code': '1302', 'message': '您的账户已达到速率限制，请您控制请求频率'}}
    ⚡ 限流，并发降至 5，重试 locomo_conv-42_qa179
    进度 1000/1986 (1.3 题/s, 并发 5, 图入选均值 0.0, ETA 13min)
    ⚡ 限流，并发降至 5，重试 locomo_conv-26_qa174
    进度 1100/1986 (1.3 题/s, 并发 5, 图入选均值 0.0, ETA 12min)
jev_stop failed: can't multiply sequence by non-int of type 'float'
jev_stop failed: can't multiply sequence by non-int of type 'float'
    进度 1200/1986 (1.3 题/s, 并发 8, 图入选均值 0.0, ETA 10min)
    ⚡ 限流，并发降至 10，重试 locomo_conv-26_qa175
    进度 1300/1986 (1.3 题/s, 并发 10, 图入选均值 0.0, ETA 9min)
    ⚡ 限流，并发降至 5，重试 locomo_conv-26_qa173
    ⚡ 限流，并发降至 5，重试 locomo_conv-42_qa231
    进度 1400/1986 (1.3 题/s, 并发 5, 图入选均值 0.0, ETA 8min)
    进度 1500/1986 (1.3 题/s, 并发 7, 图入选均值 0.0, ETA 6min)
jev_stop failed: can't multiply sequence by non-int of type 'float'
jev_stop failed: can't multiply sequence by non-int of type 'float'
    ⚡ 限流，并发降至 4，重试 locomo_conv-48_qa213
    ⚡ 限流，并发降至 4，重试 locomo_conv-48_qa227
    ⚡ 限流，并发降至 5，重试 locomo_conv-41_qa159
jev_stop failed: can't multiply sequence by non-int of type 'float'
jev_stop failed: can't multiply sequence by non-int of type 'float'
    ⚡ 限流，并发降至 4，重试 locomo_conv-49_qa14
judge failed: Error code: 429 - {'error': {'code': '1302', 'message': '您的账户已达到速率限制，请您控制请求频率'}}
    ⚡ 限流，并发降至 4，重试 locomo_conv-49_qa24
    进度 1600/1986 (1.3 题/s, 并发 4, 图入选均值 0.0, ETA 5min)
    ⚡ 限流，并发降至 5，重试 locomo_conv-44_qa60
judge failed: Error code: 429 - {'error': {'code': '1302', 'message': '您的账户已达到速率限制，请您控制请求频率'}}
    ⚡ 限流，并发降至 4，重试 locomo_conv-49_qa54
    ⚡ 限流，并发降至 4，重试 locomo_conv-49_qa55
    ⚡ 限流，并发降至 4，重试 locomo_conv-49_qa56
jev_stop failed: can't multiply sequence by non-int of type 'float'
jev_stop failed: can't multiply sequence by non-int of type 'float'
    ⚡ 限流，并发降至 6，重试 locomo_conv-49_qa50
    ⚡ 限流，并发降至 4，重试 locomo_conv-49_qa120
    进度 1700/1986 (1.3 题/s, 并发 4, 图入选均值 0.0, ETA 4min)
jev_stop failed: can't multiply sequence by non-int of type 'float'
jev_stop failed: can't multiply sequence by non-int of type 'float'
jev_stop failed: can't multiply sequence by non-int of type 'float'
    ⚡ 限流，并发降至 4，重试 locomo_conv-49_qa165
jev_stop failed: can't multiply sequence by non-int of type 'float'
jev_stop failed: can't multiply sequence by non-int of type 'float'
    ⚡ 限流，并发降至 5，重试 locomo_conv-48_qa1
judge failed: unrecognized LoCoMo verdict: The question asks about a dance activity, but the generated answer describes snowshoeing, w
    ⚠ locomo_conv-49_qa191 失败: unrecognized LoCoMo verdict: The question asks about a dance activity, but the generated answer desc
    进度 1800/1986 (1.3 题/s, 并发 5, 图入选均值 0.0, ETA 2min)
    ⚡ 限流，并发降至 5，重试 locomo_conv-43_qa201
    进度 1900/1986 (1.3 题/s, 并发 5, 图入选均值 0.0, ETA 1min)
    ⚡ 限流，并发降至 6，重试 locomo_conv-42_qa206
    ⚡ 限流，并发降至 4，重试 locomo_conv-50_qa188
    ⚡ 限流，并发降至 4，重试 locomo_conv-50_qa99
    ⚡ 限流，并发降至 4，重试 locomo_conv-49_qa164
    ⚡ 限流，并发降至 4，重试 locomo_conv-49_qa0
    ⚡ 限流，并发降至 4，重试 locomo_conv-48_qa50
    ⚡ 限流，并发降至 4，重试 locomo_conv-50_qa70
    ⚡ 限流，并发降至 5，重试 locomo_conv-50_qa187
    ⚡ 限流，并发降至 5，重试 locomo_conv-49_qa116
    ⚡ 限流，并发降至 5，重试 locomo_conv-47_qa160
    ⚡ 限流，并发降至 5，重试 locomo_conv-48_qa201

[汇总] 有效 1985/1986 题，耗时 25.5 分钟
    官方口径 J-score（类别1-4，1540 题）: 93.2%
    adversarial: 47.0%
      adversarial    445 题  judge 47.0%
      multi-hop      282 题  judge 95.0%
      open-domain     96 题  judge 75.0%
      single-hop     841 题  judge 93.6%
      temporal       321 题  judge 96.0%

✓ 融合评测完成：/Users/xu/git/memory-schema-rsi/results/full_locomo_finalD_champ_20260925_093052.jsonl
