========================================================================
全量融合评测（graphs=none, per_node=15, pool=30, preset=official, samples=1, workers=8）
========================================================================
图状态（S2）: {'Memory': 1829, 'Entity': 1455, 'Event': 1074, 'Preference': 978, 'Concept': 274}
The 'chroma' vector store does not support keyword search. Hybrid (BM25) scoring will be disabled and search will use semantic similarity only. To enable hybrid search, switch to a store with keyword_search support (e.g. qdrant, elasticsearch, pgvector).
[PostHog] Multiple active PostHog clients detected for the same project API key and host. Reuse one Posthog instance per app or process when possible to avoid competing background queues and missed shutdown flushes. Multiple clients are supported when intentional.

[Evaluate] 待评测 1986 QA → full_locomo_finalA_base_20260925_013909.jsonl
Failed to load spaCy lemma model: spaCy is not installed. Install it with: pip install mem0ai[nlp]
Failed to load spaCy full model: spaCy is not installed. Install it with: pip install mem0ai[nlp]
judge failed: Error code: 429 - {'error': {'code': '1302', 'message': '您的账户已达到速率限制，请您控制请求频率'}}
    ⚡ 限流，并发降至 10，重试 locomo_conv-26_qa101
    进度 100/1986 (1.3 题/s, 并发 10, 图入选均值 0.0, ETA 23min)
    ⚡ 限流，并发降至 10，重试 locomo_conv-26_qa140
judge failed: Error code: 429 - {'error': {'code': '1302', 'message': '您的账户已达到速率限制，请您控制请求频率'}}
    ⚡ 限流，并发降至 5，重试 locomo_conv-26_qa149
    进度 200/1986 (1.2 题/s, 并发 5, 图入选均值 0.0, ETA 24min)
    ⚡ 限流，并发降至 5，重试 locomo_conv-30_qa42
    进度 300/1986 (1.2 题/s, 并发 4, 图入选均值 0.0, ETA 23min)
    ⚡ 限流，并发降至 5，重试 locomo_conv-26_qa149
    ⚡ 限流，并发降至 5，重试 locomo_conv-41_qa68
    进度 400/1986 (1.3 题/s, 并发 5, 图入选均值 0.0, ETA 20min)
    进度 500/1986 (1.3 题/s, 并发 4, 图入选均值 0.0, ETA 20min)
    ⚡ 限流，并发降至 5，重试 locomo_conv-41_qa122
    进度 600/1986 (1.3 题/s, 并发 4, 图入选均值 0.0, ETA 18min)
    ⚡ 限流，并发降至 5，重试 locomo_conv-41_qa186
    ⚡ 限流，并发降至 5，重试 locomo_conv-30_qa93
    进度 700/1986 (1.2 题/s, 并发 4, 图入选均值 0.0, ETA 17min)
    ⚡ 限流，并发降至 5，重试 locomo_conv-41_qa34
    ⚡ 限流，并发降至 4，重试 locomo_conv-43_qa42
    进度 800/1986 (1.2 题/s, 并发 5, 图入选均值 0.0, ETA 16min)
    ⚡ 限流，并发降至 6，重试 locomo_conv-41_qa186
    ⚡ 限流，并发降至 5，重试 locomo_conv-42_qa243
    进度 900/1986 (1.3 题/s, 并发 5, 图入选均值 0.0, ETA 14min)
    ⚡ 限流，并发降至 5，重试 locomo_conv-42_qa32
    ⚡ 限流，并发降至 5，重试 locomo_conv-41_qa34
    ⚡ 限流，并发降至 5，重试 locomo_conv-42_qa215
    进度 1000/1986 (1.2 题/s, 并发 4, 图入选均值 0.0, ETA 13min)
    进度 1100/1986 (1.2 题/s, 并发 6, 图入选均值 0.0, ETA 12min)
judge failed: Error code: 429 - {'error': {'code': '1302', 'message': '您的账户已达到速率限制，请您控制请求频率'}}
    ⚡ 限流，并发降至 6，重试 locomo_conv-43_qa123
    进度 1200/1986 (1.2 题/s, 并发 6, 图入选均值 0.0, ETA 11min)
    ⚡ 限流，并发降至 5，重试 locomo_conv-30_qa59
    进度 1300/1986 (1.3 题/s, 并发 5, 图入选均值 0.0, ETA 9min)
    ⚡ 限流，并发降至 6，重试 locomo_conv-42_qa176
    进度 1400/1986 (1.3 题/s, 并发 5, 图入选均值 0.0, ETA 8min)
    ⚡ 限流，并发降至 6，重试 locomo_conv-44_qa18
judge failed: Error code: 429 - {'error': {'code': '1302', 'message': '您的账户已达到速率限制，请您控制请求频率'}}
    ⚡ 限流，并发降至 5，重试 locomo_conv-43_qa163
    进度 1500/1986 (1.3 题/s, 并发 5, 图入选均值 0.0, ETA 6min)
    ⚡ 限流，并发降至 6，重试 locomo_conv-47_qa114
judge failed: Error code: 429 - {'error': {'code': '1302', 'message': '您的账户已达到速率限制，请您控制请求频率'}}
    ⚡ 限流，并发降至 4，重试 locomo_conv-48_qa228
    ⚡ 限流，并发降至 5，重试 locomo_conv-42_qa108
    ⚡ 限流，并发降至 5，重试 locomo_conv-48_qa117
    进度 1600/1986 (1.3 题/s, 并发 4, 图入选均值 0.0, ETA 5min)
    ⚡ 限流，并发降至 5，重试 locomo_conv-42_qa32
judge failed: Error code: 429 - {'error': {'code': '1302', 'message': '您的账户已达到速率限制，请您控制请求频率'}}
    进度 1700/1986 (1.3 题/s, 并发 5, 图入选均值 0.0, ETA 4min)
judge failed: Error code: 429 - {'error': {'code': '1302', 'message': '您的账户已达到速率限制，请您控制请求频率'}}
    ⚡ 限流，并发降至 5，重试 locomo_conv-41_qa34
    进度 1800/1986 (1.3 题/s, 并发 4, 图入选均值 0.0, ETA 2min)
    ⚡ 限流，并发降至 5，重试 locomo_conv-48_qa2
    ⚡ 限流，并发降至 5，重试 locomo_conv-50_qa72
    进度 1900/1986 (1.3 题/s, 并发 4, 图入选均值 0.0, ETA 1min)
    ⚡ 限流，并发降至 6，重试 locomo_conv-50_qa115
    ⚡ 限流，并发降至 4，重试 locomo_conv-49_qa68
    ⚡ 限流，并发降至 4，重试 locomo_conv-42_qa108
    ⚡ 限流，并发降至 4，重试 locomo_conv-41_qa34
    ⚡ 限流，并发降至 4，重试 locomo_conv-47_qa74
    ⚡ 限流，并发降至 4，重试 locomo_conv-49_qa26
    ⚡ 限流，并发降至 4，重试 locomo_conv-26_qa150
    ⚡ 限流，并发降至 5，重试 locomo_conv-44_qa125
    ⚡ 限流，并发降至 5，重试 locomo_conv-50_qa188
    ⚡ 限流，并发降至 5，重试 locomo_conv-49_qa181
    ⚡ 限流，并发降至 5，重试 locomo_conv-48_qa199
    ⚡ 限流，并发降至 5，重试 locomo_conv-48_qa78

[汇总] 有效 1985/1986 题，耗时 26.6 分钟
    官方口径 J-score（类别1-4，1539 题）: 92.7%
    adversarial: 52.0%
      adversarial    446 题  judge 52.0%
      multi-hop      282 题  judge 94.7%
      open-domain     96 题  judge 76.0%
      single-hop     841 题  judge 93.2%
      temporal       320 题  judge 94.7%

✓ 融合评测完成：/Users/xu/git/memory-schema-rsi/results/full_locomo_finalA_base_20260925_013909.jsonl
