The 'chroma' vector store does not support keyword search. Hybrid (BM25) scoring will be disabled and search will use semantic similarity only. To enable hybrid search, switch to a store with keyword_search support (e.g. qdrant, elasticsearch, pgvector).
[PostHog] Multiple active PostHog clients detected for the same project API key and host. Reuse one Posthog instance per app or process when possible to avoid competing background queues and missed shutdown flushes. Multiple clients are supported when intentional.
记忆 1829 条
[variant] s1: {'preexisting': {'Entity': 1455, 'Event': 1074, 'Preference': 978}}
[variant] s2: {'preexisting': {'Entity': 1455, 'Event': 1074, 'Preference': 978, 'Concept': 274}}
[variant] v4session: {'built': {'V4Session': 272, 'edges': 1829, 'duration_s': 7.4}}
[variant] v5month: {'built': {'V5Month': 269, 'edges': 1829, 'duration_s': 7.4}}
[variant] v6pair: {'built': {'V6Pair': 2706, 'edges': 4094, 'duration_s': 16.2}}
[variant] v8cluster: {'built': {'V8Cluster': 68, 'edges': 1829, 'duration_s': 26.6}}
[Resume] 已完成 39 轮
本轮执行 11 轮，dev 题集 616

===== round r501_calib4: graphs=['s2'] retrieval={} preset=official
Failed to load spaCy lemma model: spaCy is not installed. Install it with: pip install mem0ai[nlp]
Failed to load spaCy full model: spaCy is not installed. Install it with: pip install mem0ai[nlp]
judge failed: Error code: 429 - {'error': {'code': '1302', 'message': '您的账户已达到速率限制，请您控制请求频率'}}
    评测 150/616 (163s)
judge failed: Error code: 429 - {'error': {'code': '1302', 'message': '您的账户已达到速率限制，请您控制请求频率'}}
    评测 300/616 (329s)
    评测 450/616 (479s)
judge failed: Error code: 429 - {'error': {'code': '1302', 'message': '您的账户已达到速率限制，请您控制请求频率'}}
    评测 600/616 (630s)
precision judge attempt 1 failed: Error code: 429 - {'error': {'code': '1302', 'message': '您的账户已达到速率限制，请您控制请求频率'}}
precision judge attempt 2 failed: Error code: 429 - {'error': {'code': '1302', 'message': '您的账户已达到速率限制，请您控制请求频率'}}
precision judge attempt 3 failed: Error code: 429 - {'error': {'code': '1302', 'message': '您的账户已达到速率限制，请您控制请求频率'}}
precision judge attempt 1 failed: Error code: 429 - {'error': {'code': '1302', 'message': '您的账户已达到速率限制，请您控制请求频率'}}
precision judge attempt 2 failed: Error code: 429 - {'error': {'code': '1302', 'message': '您的账户已达到速率限制，请您控制请求频率'}}
precision judge attempt 3 failed: Error code: 429 - {'error': {'code': '1302', 'message': '您的账户已达到速率限制，请您控制请求频率'}}
precision judge attempt 1 failed: Error code: 429 - {'error': {'code': '1302', 'message': '您的账户已达到速率限制，请您控制请求频率'}}
precision judge attempt 2 failed: Error code: 429 - {'error': {'code': '1302', 'message': '您的账户已达到速率限制，请您控制请求频率'}}
precision judge attempt 1 failed: Error code: 429 - {'error': {'code': '1302', 'message': '您的账户已达到速率限制，请您控制请求频率'}}
precision judge attempt 2 failed: Error code: 429 - {'error': {'code': '1302', 'message': '您的账户已达到速率限制，请您控制请求频率'}}
precision judge attempt 1 failed: Error code: 429 - {'error': {'code': '1302', 'message': '您的账户已达到速率限制，请您控制请求频率'}}
precision judge attempt 1 failed: Error code: 429 - {'error': {'code': '1302', 'message': '您的账户已达到速率限制，请您控制请求频率'}}
precision judge attempt 2 failed: Error code: 429 - {'error': {'code': '1302', 'message': '您的账户已达到速率限制，请您控制请求频率'}}
precision judge attempt 1 failed: Error code: 429 - {'error': {'code': '1302', 'message': '您的账户已达到速率限制，请您控制请求频率'}}
precision judge attempt 2 failed: Error code: 429 - {'error': {'code': '1302', 'message': '您的账户已达到速率限制，请您控制请求频率'}}
precision judge attempt 3 failed: Error code: 429 - {'error': {'code': '1302', 'message': '您的账户已达到速率限制，请您控制请求频率'}}
  → exact 348/616 (参考 327) Δ=+21 ↑50 ↓29 | {'exact': 348, 'partial': 154, 'wrong': 114} | 813.4s

===== round r500_s3_precise: graphs=['s2'] retrieval={} preset=official_precise
    评测 150/616 (389s)
judge failed: Error code: 429 - {'error': {'code': '1302', 'message': '您的账户已达到速率限制，请您控制请求频率'}}
judge failed: Error code: 429 - {'error': {'code': '1302', 'message': '您的账户已达到速率限制，请您控制请求频率'}}
    评测 300/616 (796s)
judge failed: Error code: 429 - {'error': {'code': '1302', 'message': '您的账户已达到速率限制，请您控制请求频率'}}
    评测 450/616 (1226s)
judge failed: Error code: 429 - {'error': {'code': '1302', 'message': '您的账户已达到速率限制，请您控制请求频率'}}
    评测 600/616 (1614s)
judge failed: Error code: 429 - {'error': {'code': '1302', 'message': '您的账户已达到速率限制，请您控制请求频率'}}
precision judge attempt 1 failed: Error code: 429 - {'error': {'code': '1302', 'message': '您的账户已达到速率限制，请您控制请求频率'}}
precision judge attempt 2 failed: Error code: 429 - {'error': {'code': '1302', 'message': '您的账户已达到速率限制，请您控制请求频率'}}
precision judge attempt 3 failed: Error code: 429 - {'error': {'code': '1302', 'message': '您的账户已达到速率限制，请您控制请求频率'}}
precision judge attempt 1 failed: Error code: 429 - {'error': {'code': '1302', 'message': '您的账户已达到速率限制，请您控制请求频率'}}
precision judge attempt 1 failed: Error code: 429 - {'error': {'code': '1302', 'message': '您的账户已达到速率限制，请您控制请求频率'}}
precision judge attempt 2 failed: Error code: 429 - {'error': {'code': '1302', 'message': '您的账户已达到速率限制，请您控制请求频率'}}
precision judge attempt 2 failed: Error code: 429 - {'error': {'code': '1302', 'message': '您的账户已达到速率限制，请您控制请求频率'}}
precision judge attempt 3 failed: Error code: 429 - {'error': {'code': '1302', 'message': '您的账户已达到速率限制，请您控制请求频率'}}
precision judge attempt 1 failed: Error code: 429 - {'error': {'code': '1302', 'message': '您的账户已达到速率限制，请您控制请求频率'}}
precision judge attempt 1 failed: Error code: 429 - {'error': {'code': '1302', 'message': '您的账户已达到速率限制，请您控制请求频率'}}
  → exact 343/616 (参考 327) Δ=+16 ↑51 ↓35 | {'exact': 343, 'wrong': 127, 'partial': 146} | 1833.5s

===== round r502_s3_nograph_precise: graphs=无图 retrieval={} preset=official_precise
judge failed: Error code: 429 - {'error': {'code': '1302', 'message': '您的账户已达到速率限制，请您控制请求频率'}}
judge failed: Error code: 429 - {'error': {'code': '1302', 'message': '您的账户已达到速率限制，请您控制请求频率'}}
judge failed: Error code: 429 - {'error': {'code': '1302', 'message': '您的账户已达到速率限制，请您控制请求频率'}}
    评测 150/616 (351s)
judge failed: Error code: 429 - {'error': {'code': '1302', 'message': '您的账户已达到速率限制，请您控制请求频率'}}
    评测 300/616 (696s)
judge failed: Error code: 429 - {'error': {'code': '1302', 'message': '您的账户已达到速率限制，请您控制请求频率'}}
    评测 450/616 (1111s)
judge failed: Error code: 429 - {'error': {'code': '1302', 'message': '您的账户已达到速率限制，请您控制请求频率'}}
    评测 600/616 (1496s)
precision judge attempt 1 failed: Error code: 429 - {'error': {'code': '1302', 'message': '您的账户已达到速率限制，请您控制请求频率'}}
precision judge attempt 2 failed: Error code: 429 - {'error': {'code': '1302', 'message': '您的账户已达到速率限制，请您控制请求频率'}}
precision judge attempt 1 failed: Error code: 429 - {'error': {'code': '1302', 'message': '您的账户已达到速率限制，请您控制请求频率'}}
precision judge attempt 2 failed: Error code: 429 - {'error': {'code': '1302', 'message': '您的账户已达到速率限制，请您控制请求频率'}}
precision judge attempt 3 failed: Error code: 429 - {'error': {'code': '1302', 'message': '您的账户已达到速率限制，请您控制请求频率'}}
  → exact 343/616 (参考 327) Δ=+16 ↑54 ↓38 | {'exact': 343, 'partial': 158, 'wrong': 115} | 1736.1s

===== round r503_s2v8_precise_rep: graphs=['s2', 'v8cluster'] retrieval={} preset=official_precise
    评测 150/616 (137s)
    评测 300/616 (265s)
judge failed: Error code: 429 - {'error': {'code': '1302', 'message': '您的账户已达到速率限制，请您控制请求频率'}}
    评测 450/616 (399s)
judge failed: Error code: 429 - {'error': {'code': '1302', 'message': '您的账户已达到速率限制，请您控制请求频率'}}
    评测 600/616 (522s)
precision judge attempt 1 failed: Error code: 429 - {'error': {'code': '1302', 'message': '您的账户已达到速率限制，请您控制请求频率'}}
precision judge attempt 2 failed: Error code: 429 - {'error': {'code': '1302', 'message': '您的账户已达到速率限制，请您控制请求频率'}}
precision judge attempt 3 failed: Error code: 429 - {'error': {'code': '1302', 'message': '您的账户已达到速率限制，请您控制请求频率'}}
  → exact 342/616 (参考 327) Δ=+15 ↑51 ↓36 | {'exact': 342, 'wrong': 125, 'partial': 149} | 708.6s

===== round r504_laya_both_rep: graphs=['s2'] retrieval={} preset=official
    评测 150/616 (185s)
    评测 300/616 (363s)
    评测 450/616 (497s)
    评测 600/616 (666s)
precision judge attempt 1 failed: Error code: 429 - {'error': {'code': '1302', 'message': '您的账户已达到速率限制，请您控制请求频率'}}
precision judge attempt 2 failed: Error code: 429 - {'error': {'code': '1302', 'message': '您的账户已达到速率限制，请您控制请求频率'}}
precision judge attempt 3 failed: Error code: 429 - {'error': {'code': '1302', 'message': '您的账户已达到速率限制，请您控制请求频率'}}
  → exact 339/616 (参考 327) Δ=+12 ↑47 ↓35 | {'exact': 339, 'partial': 165, 'wrong': 112} | 830.0s

===== round r505_rerank_off_precise: graphs=['s2'] retrieval={} preset=official_precise
    评测 150/616 (127s)
judge failed: Error code: 429 - {'error': {'code': '1302', 'message': '您的账户已达到速率限制，请您控制请求频率'}}
    评测 300/616 (237s)
    评测 450/616 (373s)
judge failed: Error code: 429 - {'error': {'code': '1302', 'message': '您的账户已达到速率限制，请您控制请求频率'}}
judge failed: Error code: 429 - {'error': {'code': '1302', 'message': '您的账户已达到速率限制，请您控制请求频率'}}
    评测 600/616 (477s)
precision judge attempt 1 failed: Error code: 429 - {'error': {'code': '1302', 'message': '您的账户已达到速率限制，请您控制请求频率'}}
precision judge attempt 2 failed: Error code: 429 - {'error': {'code': '1302', 'message': '您的账户已达到速率限制，请您控制请求频率'}}
precision judge attempt 1 failed: Error code: 429 - {'error': {'code': '1302', 'message': '您的账户已达到速率限制，请您控制请求频率'}}
precision judge attempt 2 failed: Error code: 429 - {'error': {'code': '1302', 'message': '您的账户已达到速率限制，请您控制请求频率'}}
precision judge attempt 1 failed: Error code: 429 - {'error': {'code': '1302', 'message': '您的账户已达到速率限制，请您控制请求频率'}}
precision judge attempt 2 failed: Error code: 429 - {'error': {'code': '1302', 'message': '您的账户已达到速率限制，请您控制请求频率'}}
precision judge attempt 3 failed: Error code: 429 - {'error': {'code': '1302', 'message': '您的账户已达到速率限制，请您控制请求频率'}}
  → exact 340/616 (参考 327) Δ=+13 ↑68 ↓55 | {'partial': 145, 'exact': 340, 'wrong': 131} | 655.8s

===== round r506_s3_precise_rep: graphs=['s2'] retrieval={} preset=official_precise
    评测 150/616 (349s)
    评测 300/616 (664s)
judge failed: Error code: 429 - {'error': {'code': '1302', 'message': '您的账户已达到速率限制，请您控制请求频率'}}
    评测 450/616 (1030s)
judge failed: Error code: 429 - {'error': {'code': '1302', 'message': '您的账户已达到速率限制，请您控制请求频率'}}
    评测 600/616 (1388s)
precision judge attempt 1 failed: Error code: 429 - {'error': {'code': '1302', 'message': '您的账户已达到速率限制，请您控制请求频率'}}
precision judge attempt 2 failed: Error code: 429 - {'error': {'code': '1302', 'message': '您的账户已达到速率限制，请您控制请求频率'}}
precision judge attempt 1 failed: Error code: 429 - {'error': {'code': '1302', 'message': '您的账户已达到速率限制，请您控制请求频率'}}
precision judge attempt 2 failed: Error code: 429 - {'error': {'code': '1302', 'message': '您的账户已达到速率限制，请您控制请求频率'}}
precision judge attempt 3 failed: Error code: 429 - {'error': {'code': '1302', 'message': '您的账户已达到速率限制，请您控制请求频率'}}
  → exact 338/616 (参考 327) Δ=+11 ↑49 ↓38 | {'exact': 338, 'wrong': 120, 'partial': 158} | 1563.7s

===== round r507_pool45_precise: graphs=['s2'] retrieval={'pool': 45} preset=official_precise
    评测 150/616 (130s)
    评测 300/616 (238s)
judge failed: Error code: 429 - {'error': {'code': '1302', 'message': '您的账户已达到速率限制，请您控制请求频率'}}
    评测 450/616 (373s)
judge failed: Error code: 429 - {'error': {'code': '1302', 'message': '您的账户已达到速率限制，请您控制请求频率'}}
    评测 600/616 (480s)
precision judge attempt 1 failed: Error code: 429 - {'error': {'code': '1302', 'message': '您的账户已达到速率限制，请您控制请求频率'}}
precision judge attempt 1 failed: Error code: 429 - {'error': {'code': '1302', 'message': '您的账户已达到速率限制，请您控制请求频率'}}
precision judge attempt 1 failed: Error code: 429 - {'error': {'code': '1302', 'message': '您的账户已达到速率限制，请您控制请求频率'}}
precision judge attempt 2 failed: Error code: 429 - {'error': {'code': '1302', 'message': '您的账户已达到速率限制，请您控制请求频率'}}
precision judge attempt 3 failed: Error code: 429 - {'error': {'code': '1302', 'message': '您的账户已达到速率限制，请您控制请求频率'}}
  → exact 346/616 (参考 327) Δ=+19 ↑51 ↓32 | {'exact': 346, 'partial': 150, 'wrong': 120} | 641.5s

===== round r508_s1_precise: graphs=['s1'] retrieval={} preset=official_precise
    评测 150/616 (151s)
    评测 300/616 (274s)
judge failed: Error code: 429 - {'error': {'code': '1302', 'message': '您的账户已达到速率限制，请您控制请求频率'}}
    评测 450/616 (396s)
    评测 600/616 (507s)
precision judge attempt 1 failed: Error code: 429 - {'error': {'code': '1302', 'message': '您的账户已达到速率限制，请您控制请求频率'}}
precision judge attempt 1 failed: Error code: 429 - {'error': {'code': '1302', 'message': '您的账户已达到速率限制，请您控制请求频率'}}
precision judge attempt 2 failed: Error code: 429 - {'error': {'code': '1302', 'message': '您的账户已达到速率限制，请您控制请求频率'}}
precision judge attempt 3 failed: Error code: 429 - {'error': {'code': '1302', 'message': '您的账户已达到速率限制，请您控制请求频率'}}
precision judge attempt 1 failed: Error code: 429 - {'error': {'code': '1302', 'message': '您的账户已达到速率限制，请您控制请求频率'}}
  → exact 340/616 (参考 327) Δ=+13 ↑53 ↓40 | {'exact': 340, 'partial': 151, 'wrong': 125} | 659.2s

===== round r509_seed3_precise: graphs=['s2'] retrieval={'seed_k': 3} preset=official_precise
    评测 150/616 (127s)
judge failed: Error code: 429 - {'error': {'code': '1302', 'message': '您的账户已达到速率限制，请您控制请求频率'}}
    评测 300/616 (234s)
    评测 450/616 (363s)
judge failed: Error code: 429 - {'error': {'code': '1302', 'message': '您的账户已达到速率限制，请您控制请求频率'}}
    评测 600/616 (497s)
precision judge attempt 1 failed: Error code: 429 - {'error': {'code': '1302', 'message': '您的账户已达到速率限制，请您控制请求频率'}}
precision judge attempt 2 failed: Error code: 429 - {'error': {'code': '1302', 'message': '您的账户已达到速率限制，请您控制请求频率'}}
precision judge attempt 3 failed: Error code: 429 - {'error': {'code': '1302', 'message': '您的账户已达到速率限制，请您控制请求频率'}}
  → exact 341/616 (参考 327) Δ=+14 ↑51 ↓37 | {'exact': 341, 'wrong': 114, 'partial': 161} | 644.2s

===== round r510_allv8_precise: graphs=['s1', 'v4session', 'v5month', 'v6pair', 'v8cluster'] retrieval={} preset=official_precise
    评测 150/616 (122s)
    评测 300/616 (222s)
    评测 450/616 (340s)
    评测 600/616 (450s)
precision judge attempt 1 failed: Error code: 429 - {'error': {'code': '1302', 'message': '您的账户已达到速率限制，请您控制请求频率'}}
precision judge attempt 1 failed: Error code: 429 - {'error': {'code': '1302', 'message': '您的账户已达到速率限制，请您控制请求频率'}}
precision judge attempt 1 failed: Error code: 429 - {'error': {'code': '1302', 'message': '您的账户已达到速率限制，请您控制请求频率'}}
precision judge attempt 2 failed: Error code: 429 - {'error': {'code': '1302', 'message': '您的账户已达到速率限制，请您控制请求频率'}}
precision judge attempt 1 failed: Error code: 429 - {'error': {'code': '1302', 'message': '您的账户已达到速率限制，请您控制请求频率'}}
precision judge attempt 1 failed: Error code: 429 - {'error': {'code': '1302', 'message': '您的账户已达到速率限制，请您控制请求频率'}}
precision judge attempt 1 failed: Error code: 429 - {'error': {'code': '1302', 'message': '您的账户已达到速率限制，请您控制请求频率'}}
precision judge attempt 2 failed: Error code: 429 - {'error': {'code': '1302', 'message': '您的账户已达到速率限制，请您控制请求频率'}}
precision judge attempt 1 failed: Error code: 429 - {'error': {'code': '1302', 'message': '您的账户已达到速率限制，请您控制请求频率'}}
precision judge attempt 2 failed: Error code: 429 - {'error': {'code': '1302', 'message': '您的账户已达到速率限制，请您控制请求频率'}}
precision judge attempt 3 failed: Error code: 429 - {'error': {'code': '1302', 'message': '您的账户已达到速率限制，请您控制请求频率'}}
  → exact 328/616 (参考 327) Δ=+1 ↑43 ↓42 | {'exact': 328, 'wrong': 128, 'partial': 160} | 595.0s

✓ 完成，结果追加在 results/search_rounds.jsonl
