The 'chroma' vector store does not support keyword search. Hybrid (BM25) scoring will be disabled and search will use semantic similarity only. To enable hybrid search, switch to a store with keyword_search support (e.g. qdrant, elasticsearch, pgvector).
[PostHog] Multiple active PostHog clients detected for the same project API key and host. Reuse one Posthog instance per app or process when possible to avoid competing background queues and missed shutdown flushes. Multiple clients are supported when intentional.
记忆 1829 条
[variant] s1: {'preexisting': {'Entity': 1455, 'Event': 1074, 'Preference': 978}}
[variant] s2: {'preexisting': {'Entity': 1455, 'Event': 1074, 'Preference': 978, 'Concept': 274}}
[variant] v10concept: {'built': {'V10Concept': 2794, 'edges': 12075, 'duration_s': 884.4}}
[variant] v4session: {'built': {'V4Session': 272, 'edges': 1829, 'duration_s': 7.4}}
[variant] v5month: {'built': {'V5Month': 269, 'edges': 1829, 'duration_s': 7.4}}
[variant] v6pair: {'built': {'V6Pair': 2706, 'edges': 4094, 'duration_s': 16.2}}
[variant] v8cluster: {'built': {'V8Cluster': 68, 'edges': 1829, 'duration_s': 26.6}}
[Resume] 已完成 15 轮
本轮执行 12 轮，dev 题集 616

===== round r100_v10: graphs=['v10concept'] retrieval={} preset=official
Failed to load spaCy lemma model: spaCy is not installed. Install it with: pip install mem0ai[nlp]
Failed to load spaCy full model: spaCy is not installed. Install it with: pip install mem0ai[nlp]
    评测 150/616 (129s)
    评测 300/616 (230s)
    评测 450/616 (357s)
judge failed: Error code: 429 - {'error': {'code': '1302', 'message': '您的账户已达到速率限制，请您控制请求频率'}}
judge failed: Error code: 429 - {'error': {'code': '1302', 'message': '您的账户已达到速率限制，请您控制请求频率'}}
    评测 600/616 (472s)
precision judge attempt 1 failed: Error code: 429 - {'error': {'code': '1302', 'message': '您的账户已达到速率限制，请您控制请求频率'}}
precision judge attempt 1 failed: Error code: 429 - {'error': {'code': '1302', 'message': '您的账户已达到速率限制，请您控制请求频率'}}
precision judge attempt 1 failed: Error code: 429 - {'error': {'code': '1302', 'message': '您的账户已达到速率限制，请您控制请求频率'}}
precision judge attempt 1 failed: Error code: 429 - {'error': {'code': '1302', 'message': '您的账户已达到速率限制，请您控制请求频率'}}
precision judge attempt 2 failed: Error code: 429 - {'error': {'code': '1302', 'message': '您的账户已达到速率限制，请您控制请求频率'}}
precision judge attempt 1 failed: Error code: 429 - {'error': {'code': '1302', 'message': '您的账户已达到速率限制，请您控制请求频率'}}
precision judge attempt 1 failed: Error code: 429 - {'error': {'code': '1302', 'message': '您的账户已达到速率限制，请您控制请求频率'}}
precision judge attempt 1 failed: Error code: 429 - {'error': {'code': '1302', 'message': '您的账户已达到速率限制，请您控制请求频率'}}
precision judge attempt 2 failed: Error code: 429 - {'error': {'code': '1302', 'message': '您的账户已达到速率限制，请您控制请求频率'}}
precision judge attempt 3 failed: Error code: 429 - {'error': {'code': '1302', 'message': '您的账户已达到速率限制，请您控制请求频率'}}
precision judge attempt 1 failed: Error code: 429 - {'error': {'code': '1302', 'message': '您的账户已达到速率限制，请您控制请求频率'}}
  → exact 325/616 (参考 327) Δ=-2 ↑39 ↓41 | {'exact': 325, 'partial': 169, 'wrong': 122} | 628.8s

===== round r101_v10s1: graphs=['s1', 'v10concept'] retrieval={} preset=official
    评测 150/616 (143s)
judge failed: Error code: 429 - {'error': {'code': '1302', 'message': '您的账户已达到速率限制，请您控制请求频率'}}
    评测 300/616 (266s)
judge failed: Error code: 429 - {'error': {'code': '1302', 'message': '您的账户已达到速率限制，请您控制请求频率'}}
    评测 450/616 (397s)
    评测 600/616 (517s)
precision judge attempt 1 failed: Error code: 429 - {'error': {'code': '1302', 'message': '您的账户已达到速率限制，请您控制请求频率'}}
precision judge attempt 2 failed: Error code: 429 - {'error': {'code': '1302', 'message': '您的账户已达到速率限制，请您控制请求频率'}}
precision judge attempt 3 failed: Error code: 429 - {'error': {'code': '1302', 'message': '您的账户已达到速率限制，请您控制请求频率'}}
precision judge attempt 1 failed: Error code: 429 - {'error': {'code': '1302', 'message': '您的账户已达到速率限制，请您控制请求频率'}}
precision judge attempt 2 failed: Error code: 429 - {'error': {'code': '1302', 'message': '您的账户已达到速率限制，请您控制请求频率'}}
precision judge attempt 1 failed: Error code: 429 - {'error': {'code': '1302', 'message': '您的账户已达到速率限制，请您控制请求频率'}}
precision judge attempt 2 failed: Error code: 429 - {'error': {'code': '1302', 'message': '您的账户已达到速率限制，请您控制请求频率'}}
precision judge attempt 3 failed: Error code: 429 - {'error': {'code': '1302', 'message': '您的账户已达到速率限制，请您控制请求频率'}}
precision judge attempt 1 failed: Error code: 429 - {'error': {'code': '1302', 'message': '您的账户已达到速率限制，请您控制请求频率'}}
precision judge attempt 1 failed: Error code: 429 - {'error': {'code': '1302', 'message': '您的账户已达到速率限制，请您控制请求频率'}}
precision judge attempt 1 failed: Error code: 429 - {'error': {'code': '1302', 'message': '您的账户已达到速率限制，请您控制请求频率'}}
precision judge attempt 2 failed: Error code: 429 - {'error': {'code': '1302', 'message': '您的账户已达到速率限制，请您控制请求频率'}}
precision judge attempt 1 failed: Error code: 429 - {'error': {'code': '1302', 'message': '您的账户已达到速率限制，请您控制请求频率'}}
  → exact 326/616 (参考 327) Δ=-1 ↑44 ↓45 | {'partial': 176, 'exact': 326, 'wrong': 114} | 698.6s

===== round r102_v10s2: graphs=['s2', 'v10concept'] retrieval={} preset=official
judge failed: Error code: 429 - {'error': {'code': '1302', 'message': '您的账户已达到速率限制，请您控制请求频率'}}
    评测 150/616 (124s)
    评测 300/616 (242s)
    评测 450/616 (384s)
    评测 600/616 (496s)
precision judge attempt 1 failed: Error code: 429 - {'error': {'code': '1302', 'message': '您的账户已达到速率限制，请您控制请求频率'}}
precision judge attempt 1 failed: Error code: 429 - {'error': {'code': '1302', 'message': '您的账户已达到速率限制，请您控制请求频率'}}
precision judge attempt 2 failed: Error code: 429 - {'error': {'code': '1302', 'message': '您的账户已达到速率限制，请您控制请求频率'}}
precision judge attempt 1 failed: Error code: 429 - {'error': {'code': '1302', 'message': '您的账户已达到速率限制，请您控制请求频率'}}
precision judge attempt 2 failed: Error code: 429 - {'error': {'code': '1302', 'message': '您的账户已达到速率限制，请您控制请求频率'}}
precision judge attempt 3 failed: Error code: 429 - {'error': {'code': '1302', 'message': '您的账户已达到速率限制，请您控制请求频率'}}
  → exact 331/616 (参考 327) Δ=+4 ↑45 ↓41 | {'exact': 331, 'partial': 170, 'wrong': 115} | 652.6s

===== round r103_v10_precise: graphs=['v10concept', 's1'] retrieval={} preset=official_precise
judge failed: Error code: 429 - {'error': {'code': '1302', 'message': '您的账户已达到速率限制，请您控制请求频率'}}
    评测 150/616 (108s)
    评测 300/616 (212s)
    评测 450/616 (341s)
    评测 600/616 (449s)
precision judge attempt 1 failed: Error code: 429 - {'error': {'code': '1302', 'message': '您的账户已达到速率限制，请您控制请求频率'}}
precision judge attempt 2 failed: Error code: 429 - {'error': {'code': '1302', 'message': '您的账户已达到速率限制，请您控制请求频率'}}
precision judge attempt 1 failed: Error code: 429 - {'error': {'code': '1302', 'message': '您的账户已达到速率限制，请您控制请求频率'}}
precision judge attempt 1 failed: Error code: 429 - {'error': {'code': '1302', 'message': '您的账户已达到速率限制，请您控制请求频率'}}
precision judge attempt 1 failed: Error code: 429 - {'error': {'code': '1302', 'message': '您的账户已达到速率限制，请您控制请求频率'}}
precision judge attempt 2 failed: Error code: 429 - {'error': {'code': '1302', 'message': '您的账户已达到速率限制，请您控制请求频率'}}
precision judge attempt 3 failed: Error code: 429 - {'error': {'code': '1302', 'message': '您的账户已达到速率限制，请您控制请求频率'}}
  → exact 331/616 (参考 327) Δ=+4 ↑45 ↓41 | {'exact': 331, 'partial': 162, 'wrong': 123} | 609.6s

===== round r104_big: graphs=['s1', 'v4session', 'v5month', 'v6pair', 'v8cluster', 'v10concept'] retrieval={} preset=official
    评测 150/616 (137s)
judge failed: Error code: 429 - {'error': {'code': '1302', 'message': '您的账户已达到速率限制，请您控制请求频率'}}
    评测 300/616 (278s)
    评测 450/616 (430s)
judge failed: Error code: 429 - {'error': {'code': '1302', 'message': '您的账户已达到速率限制，请您控制请求频率'}}
judge failed: Error code: 429 - {'error': {'code': '1302', 'message': '您的账户已达到速率限制，请您控制请求频率'}}
judge failed: Error code: 429 - {'error': {'code': '1302', 'message': '您的账户已达到速率限制，请您控制请求频率'}}
    评测 600/616 (550s)
precision judge attempt 1 failed: Error code: 429 - {'error': {'code': '1302', 'message': '您的账户已达到速率限制，请您控制请求频率'}}
precision judge attempt 1 failed: Error code: 429 - {'error': {'code': '1302', 'message': '您的账户已达到速率限制，请您控制请求频率'}}
precision judge attempt 1 failed: Error code: 429 - {'error': {'code': '1302', 'message': '您的账户已达到速率限制，请您控制请求频率'}}
precision judge attempt 1 failed: Error code: 429 - {'error': {'code': '1302', 'message': '您的账户已达到速率限制，请您控制请求频率'}}
precision judge attempt 1 failed: Error code: 429 - {'error': {'code': '1302', 'message': '您的账户已达到速率限制，请您控制请求频率'}}
precision judge attempt 2 failed: Error code: 429 - {'error': {'code': '1302', 'message': '您的账户已达到速率限制，请您控制请求频率'}}
precision judge attempt 3 failed: Error code: 429 - {'error': {'code': '1302', 'message': '您的账户已达到速率限制，请您控制请求频率'}}
  → exact 324/616 (参考 327) Δ=-3 ↑45 ↓48 | {'exact': 324, 'partial': 182, 'wrong': 110} | 705.6s

===== round r105_big_precise: graphs=['s1', 'v4session', 'v5month', 'v6pair', 'v8cluster', 'v10concept'] retrieval={} preset=official_precise
    评测 150/616 (127s)
    评测 300/616 (241s)
    评测 450/616 (374s)
    评测 600/616 (487s)
precision judge attempt 1 failed: Error code: 429 - {'error': {'code': '1302', 'message': '您的账户已达到速率限制，请您控制请求频率'}}
precision judge attempt 1 failed: Error code: 429 - {'error': {'code': '1302', 'message': '您的账户已达到速率限制，请您控制请求频率'}}
precision judge attempt 1 failed: Error code: 429 - {'error': {'code': '1302', 'message': '您的账户已达到速率限制，请您控制请求频率'}}
precision judge attempt 2 failed: Error code: 429 - {'error': {'code': '1302', 'message': '您的账户已达到速率限制，请您控制请求频率'}}
precision judge attempt 1 failed: Error code: 429 - {'error': {'code': '1302', 'message': '您的账户已达到速率限制，请您控制请求频率'}}
precision judge attempt 1 failed: Error code: 429 - {'error': {'code': '1302', 'message': '您的账户已达到速率限制，请您控制请求频率'}}
precision judge attempt 2 failed: Error code: 429 - {'error': {'code': '1302', 'message': '您的账户已达到速率限制，请您控制请求频率'}}
precision judge attempt 3 failed: Error code: 429 - {'error': {'code': '1302', 'message': '您的账户已达到速率限制，请您控制请求频率'}}
  → exact 337/616 (参考 327) Δ=+10 ↑51 ↓41 | {'exact': 337, 'wrong': 122, 'partial': 157} | 644.6s

===== round r106_time: graphs=['s1', 'v5month', 'v10concept'] retrieval={} preset=official
judge failed: Error code: 429 - {'error': {'code': '1302', 'message': '您的账户已达到速率限制，请您控制请求频率'}}
    评测 150/616 (126s)
judge failed: Error code: 429 - {'error': {'code': '1302', 'message': '您的账户已达到速率限制，请您控制请求频率'}}
    评测 300/616 (264s)
judge failed: Error code: 429 - {'error': {'code': '1302', 'message': '您的账户已达到速率限制，请您控制请求频率'}}
    评测 450/616 (376s)
    评测 600/616 (483s)
precision judge attempt 1 failed: Error code: 429 - {'error': {'code': '1302', 'message': '您的账户已达到速率限制，请您控制请求频率'}}
precision judge attempt 1 failed: Error code: 429 - {'error': {'code': '1302', 'message': '您的账户已达到速率限制，请您控制请求频率'}}
precision judge attempt 1 failed: Error code: 429 - {'error': {'code': '1302', 'message': '您的账户已达到速率限制，请您控制请求频率'}}
precision judge attempt 1 failed: Error code: 429 - {'error': {'code': '1302', 'message': '您的账户已达到速率限制，请您控制请求频率'}}
precision judge attempt 2 failed: Error code: 429 - {'error': {'code': '1302', 'message': '您的账户已达到速率限制，请您控制请求频率'}}
precision judge attempt 3 failed: Error code: 429 - {'error': {'code': '1302', 'message': '您的账户已达到速率限制，请您控制请求频率'}}
  → exact 335/616 (参考 327) Δ=+8 ↑43 ↓35 | {'exact': 335, 'wrong': 111, 'partial': 170} | 626.1s

===== round r107_time_precise: graphs=['s1', 'v5month', 'v10concept'] retrieval={} preset=official_precise
    评测 150/616 (110s)
    评测 300/616 (214s)
    评测 450/616 (330s)
    评测 600/616 (443s)
precision judge attempt 1 failed: Error code: 429 - {'error': {'code': '1302', 'message': '您的账户已达到速率限制，请您控制请求频率'}}
precision judge attempt 2 failed: Error code: 429 - {'error': {'code': '1302', 'message': '您的账户已达到速率限制，请您控制请求频率'}}
precision judge attempt 1 failed: Error code: 429 - {'error': {'code': '1302', 'message': '您的账户已达到速率限制，请您控制请求频率'}}
precision judge attempt 1 failed: Error code: 429 - {'error': {'code': '1302', 'message': '您的账户已达到速率限制，请您控制请求频率'}}
precision judge attempt 2 failed: Error code: 429 - {'error': {'code': '1302', 'message': '您的账户已达到速率限制，请您控制请求频率'}}
precision judge attempt 3 failed: Error code: 429 - {'error': {'code': '1302', 'message': '您的账户已达到速率限制，请您控制请求频率'}}
  → exact 339/616 (参考 327) Δ=+12 ↑51 ↓39 | {'exact': 339, 'partial': 153, 'wrong': 124} | 587.4s

===== round r108_pair10: graphs=['s1', 'v6pair', 'v10concept'] retrieval={} preset=official
    评测 150/616 (121s)
judge failed: Error code: 429 - {'error': {'code': '1302', 'message': '您的账户已达到速率限制，请您控制请求频率'}}
    评测 300/616 (226s)
    评测 450/616 (346s)
    评测 600/616 (460s)
precision judge attempt 1 failed: Error code: 429 - {'error': {'code': '1302', 'message': '您的账户已达到速率限制，请您控制请求频率'}}
precision judge attempt 1 failed: Error code: 429 - {'error': {'code': '1302', 'message': '您的账户已达到速率限制，请您控制请求频率'}}
precision judge attempt 2 failed: Error code: 429 - {'error': {'code': '1302', 'message': '您的账户已达到速率限制，请您控制请求频率'}}
precision judge attempt 1 failed: Error code: 429 - {'error': {'code': '1302', 'message': '您的账户已达到速率限制，请您控制请求频率'}}
precision judge attempt 1 failed: Error code: 429 - {'error': {'code': '1302', 'message': '您的账户已达到速率限制，请您控制请求频率'}}
precision judge attempt 1 failed: Error code: 429 - {'error': {'code': '1302', 'message': '您的账户已达到速率限制，请您控制请求频率'}}
precision judge attempt 1 failed: Error code: 429 - {'error': {'code': '1302', 'message': '您的账户已达到速率限制，请您控制请求频率'}}
precision judge attempt 2 failed: Error code: 429 - {'error': {'code': '1302', 'message': '您的账户已达到速率限制，请您控制请求频率'}}
precision judge attempt 1 failed: Error code: 429 - {'error': {'code': '1302', 'message': '您的账户已达到速率限制，请您控制请求频率'}}
precision judge attempt 1 failed: Error code: 429 - {'error': {'code': '1302', 'message': '您的账户已达到速率限制，请您控制请求频率'}}
precision judge attempt 1 failed: Error code: 429 - {'error': {'code': '1302', 'message': '您的账户已达到速率限制，请您控制请求频率'}}
precision judge attempt 1 failed: Error code: 429 - {'error': {'code': '1302', 'message': '您的账户已达到速率限制，请您控制请求频率'}}
precision judge attempt 2 failed: Error code: 429 - {'error': {'code': '1302', 'message': '您的账户已达到速率限制，请您控制请求频率'}}
precision judge attempt 3 failed: Error code: 429 - {'error': {'code': '1302', 'message': '您的账户已达到速率限制，请您控制请求频率'}}
  → exact 335/616 (参考 327) Δ=+8 ↑45 ↓37 | {'exact': 335, 'partial': 172, 'wrong': 109} | 614.7s

===== round r109_s2v10_precise: graphs=['s2', 'v10concept'] retrieval={} preset=official_precise
    评测 150/616 (123s)
judge failed: Error code: 429 - {'error': {'code': '1302', 'message': '您的账户已达到速率限制，请您控制请求频率'}}
judge failed: Error code: 429 - {'error': {'code': '1302', 'message': '您的账户已达到速率限制，请您控制请求频率'}}
    评测 300/616 (243s)
    评测 450/616 (342s)
    评测 600/616 (438s)
precision judge attempt 1 failed: Error code: 429 - {'error': {'code': '1302', 'message': '您的账户已达到速率限制，请您控制请求频率'}}
precision judge attempt 1 failed: Error code: 429 - {'error': {'code': '1302', 'message': '您的账户已达到速率限制，请您控制请求频率'}}
precision judge attempt 1 failed: Error code: 429 - {'error': {'code': '1302', 'message': '您的账户已达到速率限制，请您控制请求频率'}}
precision judge attempt 2 failed: Error code: 429 - {'error': {'code': '1302', 'message': '您的账户已达到速率限制，请您控制请求频率'}}
precision judge attempt 1 failed: Error code: 429 - {'error': {'code': '1302', 'message': '您的账户已达到速率限制，请您控制请求频率'}}
precision judge attempt 1 failed: Error code: 429 - {'error': {'code': '1302', 'message': '您的账户已达到速率限制，请您控制请求频率'}}
precision judge attempt 1 failed: Error code: 429 - {'error': {'code': '1302', 'message': '您的账户已达到速率限制，请您控制请求频率'}}
precision judge attempt 2 failed: Error code: 429 - {'error': {'code': '1302', 'message': '您的账户已达到速率限制，请您控制请求频率'}}
precision judge attempt 3 failed: Error code: 429 - {'error': {'code': '1302', 'message': '您的账户已达到速率限制，请您控制请求频率'}}
  → exact 330/616 (参考 327) Δ=+3 ↑46 ↓43 | {'exact': 330, 'partial': 164, 'wrong': 122} | 578.5s

===== round r110_pn30_precise: graphs=['s2'] retrieval={'per_node': 30} preset=official_precise
judge failed: Error code: 429 - {'error': {'code': '1302', 'message': '您的账户已达到速率限制，请您控制请求频率'}}
    评测 150/616 (111s)
    评测 300/616 (224s)
judge failed: Error code: 429 - {'error': {'code': '1302', 'message': '您的账户已达到速率限制，请您控制请求频率'}}
    评测 450/616 (326s)
    评测 600/616 (425s)
precision judge attempt 1 failed: Error code: 429 - {'error': {'code': '1302', 'message': '您的账户已达到速率限制，请您控制请求频率'}}
precision judge attempt 1 failed: Error code: 429 - {'error': {'code': '1302', 'message': '您的账户已达到速率限制，请您控制请求频率'}}
precision judge attempt 1 failed: Error code: 429 - {'error': {'code': '1302', 'message': '您的账户已达到速率限制，请您控制请求频率'}}
precision judge attempt 1 failed: Error code: 429 - {'error': {'code': '1302', 'message': '您的账户已达到速率限制，请您控制请求频率'}}
precision judge attempt 1 failed: Error code: 429 - {'error': {'code': '1302', 'message': '您的账户已达到速率限制，请您控制请求频率'}}
precision judge attempt 1 failed: Error code: 429 - {'error': {'code': '1302', 'message': '您的账户已达到速率限制，请您控制请求频率'}}
precision judge attempt 2 failed: Error code: 429 - {'error': {'code': '1302', 'message': '您的账户已达到速率限制，请您控制请求频率'}}
precision judge attempt 3 failed: Error code: 429 - {'error': {'code': '1302', 'message': '您的账户已达到速率限制，请您控制请求频率'}}
  → exact 326/616 (参考 327) Δ=-1 ↑48 ↓49 | {'exact': 326, 'partial': 169, 'wrong': 121} | 558.9s

===== round r111_big_pn30_precise: graphs=['s2', 'v8cluster', 'v10concept'] retrieval={'per_node': 30} preset=official_precise
    评测 150/616 (124s)
    评测 300/616 (220s)
    评测 450/616 (325s)
judge failed: Error code: 429 - {'error': {'code': '1302', 'message': '您的账户已达到速率限制，请您控制请求频率'}}
    评测 600/616 (422s)
precision judge attempt 1 failed: Error code: 429 - {'error': {'code': '1302', 'message': '您的账户已达到速率限制，请您控制请求频率'}}
precision judge attempt 1 failed: Error code: 429 - {'error': {'code': '1302', 'message': '您的账户已达到速率限制，请您控制请求频率'}}
precision judge attempt 2 failed: Error code: 429 - {'error': {'code': '1302', 'message': '您的账户已达到速率限制，请您控制请求频率'}}
precision judge attempt 3 failed: Error code: 429 - {'error': {'code': '1302', 'message': '您的账户已达到速率限制，请您控制请求频率'}}
  → exact 350/616 (参考 327) Δ=+23 ↑56 ↓33 | {'exact': 350, 'wrong': 113, 'partial': 153} | 562.5s

✓ 完成，结果追加在 results/search_rounds.jsonl
