The 'chroma' vector store does not support keyword search. Hybrid (BM25) scoring will be disabled and search will use semantic similarity only. To enable hybrid search, switch to a store with keyword_search support (e.g. qdrant, elasticsearch, pgvector).
[PostHog] Multiple active PostHog clients detected for the same project API key and host. Reuse one Posthog instance per app or process when possible to avoid competing background queues and missed shutdown flushes. Multiple clients are supported when intentional.
记忆 1829 条
[variant] s1: {'preexisting': {'Entity': 1455, 'Event': 1074, 'Preference': 978}}
[variant] s2: {'preexisting': {'Entity': 1455, 'Event': 1074, 'Preference': 978, 'Concept': 274}}
[variant] v4session: {'built': {'V4Session': 272, 'edges': 1829, 'duration_s': 7.4}}
[variant] v5month: {'built': {'V5Month': 269, 'edges': 1829, 'duration_s': 7.4}}
[variant] v6pair: {'built': {'V6Pair': 2706, 'edges': 4094, 'duration_s': 16.2}}
[variant] v8cluster: {'built': {'V8Cluster': 68, 'edges': 1829, 'duration_s': 26.6}}
[Resume] 已完成 1 轮
本轮执行 13 轮，dev 题集 616

===== round r001_precise: graphs=['s2'] retrieval={} preset=official_precise
Failed to load spaCy lemma model: spaCy is not installed. Install it with: pip install mem0ai[nlp]
Failed to load spaCy full model: spaCy is not installed. Install it with: pip install mem0ai[nlp]
judge failed: Error code: 429 - {'error': {'code': '1302', 'message': '您的账户已达到速率限制，请您控制请求频率'}}
judge failed: Error code: 429 - {'error': {'code': '1302', 'message': '您的账户已达到速率限制，请您控制请求频率'}}
    评测 150/616 (140s)
judge failed: Error code: 429 - {'error': {'code': '1302', 'message': '您的账户已达到速率限制，请您控制请求频率'}}
    评测 300/616 (257s)
    评测 450/616 (372s)
    评测 600/616 (484s)
precision judge attempt 1 failed: Error code: 429 - {'error': {'code': '1302', 'message': '您的账户已达到速率限制，请您控制请求频率'}}
precision judge attempt 2 failed: Error code: 429 - {'error': {'code': '1302', 'message': '您的账户已达到速率限制，请您控制请求频率'}}
precision judge attempt 1 failed: Error code: 429 - {'error': {'code': '1302', 'message': '您的账户已达到速率限制，请您控制请求频率'}}
precision judge attempt 2 failed: Error code: 429 - {'error': {'code': '1302', 'message': '您的账户已达到速率限制，请您控制请求频率'}}
precision judge attempt 1 failed: Error code: 429 - {'error': {'code': '1302', 'message': '您的账户已达到速率限制，请您控制请求频率'}}
precision judge attempt 1 failed: Error code: 429 - {'error': {'code': '1302', 'message': '您的账户已达到速率限制，请您控制请求频率'}}
precision judge attempt 1 failed: Error code: 429 - {'error': {'code': '1302', 'message': '您的账户已达到速率限制，请您控制请求频率'}}
precision judge attempt 1 failed: Error code: 429 - {'error': {'code': '1302', 'message': '您的账户已达到速率限制，请您控制请求频率'}}
precision judge attempt 2 failed: Error code: 429 - {'error': {'code': '1302', 'message': '您的账户已达到速率限制，请您控制请求频率'}}
precision judge attempt 3 failed: Error code: 429 - {'error': {'code': '1302', 'message': '您的账户已达到速率限制，请您控制请求频率'}}
precision judge attempt 1 failed: Error code: 429 - {'error': {'code': '1302', 'message': '您的账户已达到速率限制，请您控制请求频率'}}
precision judge attempt 2 failed: Error code: 429 - {'error': {'code': '1302', 'message': '您的账户已达到速率限制，请您控制请求频率'}}
precision judge attempt 3 failed: Error code: 429 - {'error': {'code': '1302', 'message': '您的账户已达到速率限制，请您控制请求频率'}}
precision judge attempt 1 failed: Error code: 429 - {'error': {'code': '1302', 'message': '您的账户已达到速率限制，请您控制请求频率'}}
precision judge attempt 1 failed: Error code: 429 - {'error': {'code': '1302', 'message': '您的账户已达到速率限制，请您控制请求频率'}}
precision judge attempt 1 failed: Error code: 429 - {'error': {'code': '1302', 'message': '您的账户已达到速率限制，请您控制请求频率'}}
precision judge attempt 1 failed: Error code: 429 - {'error': {'code': '1302', 'message': '您的账户已达到速率限制，请您控制请求频率'}}
precision judge attempt 1 failed: Error code: 429 - {'error': {'code': '1302', 'message': '您的账户已达到速率限制，请您控制请求频率'}}
precision judge attempt 1 failed: Error code: 429 - {'error': {'code': '1302', 'message': '您的账户已达到速率限制，请您控制请求频率'}}
precision judge attempt 1 failed: Error code: 429 - {'error': {'code': '1302', 'message': '您的账户已达到速率限制，请您控制请求频率'}}
precision judge attempt 1 failed: Error code: 429 - {'error': {'code': '1302', 'message': '您的账户已达到速率限制，请您控制请求频率'}}
precision judge attempt 1 failed: Error code: 429 - {'error': {'code': '1302', 'message': '您的账户已达到速率限制，请您控制请求频率'}}
precision judge attempt 1 failed: Error code: 429 - {'error': {'code': '1302', 'message': '您的账户已达到速率限制，请您控制请求频率'}}
precision judge attempt 2 failed: Error code: 429 - {'error': {'code': '1302', 'message': '您的账户已达到速率限制，请您控制请求频率'}}
precision judge attempt 3 failed: Error code: 429 - {'error': {'code': '1302', 'message': '您的账户已达到速率限制，请您控制请求频率'}}
precision judge attempt 1 failed: Error code: 429 - {'error': {'code': '1302', 'message': '您的账户已达到速率限制，请您控制请求频率'}}
precision judge attempt 1 failed: Error code: 429 - {'error': {'code': '1302', 'message': '您的账户已达到速率限制，请您控制请求频率'}}
precision judge attempt 2 failed: Error code: 429 - {'error': {'code': '1302', 'message': '您的账户已达到速率限制，请您控制请求频率'}}
precision judge attempt 3 failed: Error code: 429 - {'error': {'code': '1302', 'message': '您的账户已达到速率限制，请您控制请求频率'}}
precision judge attempt 1 failed: Error code: 429 - {'error': {'code': '1302', 'message': '您的账户已达到速率限制，请您控制请求频率'}}
precision judge attempt 2 failed: Error code: 429 - {'error': {'code': '1302', 'message': '您的账户已达到速率限制，请您控制请求频率'}}
precision judge attempt 1 failed: Error code: 429 - {'error': {'code': '1302', 'message': '您的账户已达到速率限制，请您控制请求频率'}}
precision judge attempt 1 failed: Error code: 429 - {'error': {'code': '1302', 'message': '您的账户已达到速率限制，请您控制请求频率'}}
precision judge attempt 1 failed: Error code: 429 - {'error': {'code': '1302', 'message': '您的账户已达到速率限制，请您控制请求频率'}}
precision judge attempt 2 failed: Error code: 429 - {'error': {'code': '1302', 'message': '您的账户已达到速率限制，请您控制请求频率'}}
precision judge attempt 3 failed: Error code: 429 - {'error': {'code': '1302', 'message': '您的账户已达到速率限制，请您控制请求频率'}}
precision judge attempt 1 failed: Error code: 429 - {'error': {'code': '1302', 'message': '您的账户已达到速率限制，请您控制请求频率'}}
  → exact 344/616 (参考 327) Δ=+17 ↑58 ↓41 | {'exact': 344, 'wrong': 130, 'partial': 142} | 678.7s

===== round r002_base: graphs=无图 retrieval={} preset=official
    评测 150/616 (110s)
    评测 300/616 (211s)
judge failed: Error code: 429 - {'error': {'code': '1302', 'message': '您的账户已达到速率限制，请您控制请求频率'}}
    评测 450/616 (334s)
judge failed: Error code: 429 - {'error': {'code': '1302', 'message': '您的账户已达到速率限制，请您控制请求频率'}}
    评测 600/616 (445s)
precision judge attempt 1 failed: Error code: 429 - {'error': {'code': '1302', 'message': '您的账户已达到速率限制，请您控制请求频率'}}
precision judge attempt 1 failed: Error code: 429 - {'error': {'code': '1302', 'message': '您的账户已达到速率限制，请您控制请求频率'}}
precision judge attempt 1 failed: Error code: 429 - {'error': {'code': '1302', 'message': '您的账户已达到速率限制，请您控制请求频率'}}
precision judge attempt 1 failed: Error code: 429 - {'error': {'code': '1302', 'message': '您的账户已达到速率限制，请您控制请求频率'}}
precision judge attempt 1 failed: Error code: 429 - {'error': {'code': '1302', 'message': '您的账户已达到速率限制，请您控制请求频率'}}
precision judge attempt 1 failed: Error code: 429 - {'error': {'code': '1302', 'message': '您的账户已达到速率限制，请您控制请求频率'}}
precision judge attempt 2 failed: Error code: 429 - {'error': {'code': '1302', 'message': '您的账户已达到速率限制，请您控制请求频率'}}
precision judge attempt 3 failed: Error code: 429 - {'error': {'code': '1302', 'message': '您的账户已达到速率限制，请您控制请求频率'}}
  → exact 339/616 (参考 327) Δ=+12 ↑50 ↓38 | {'exact': 339, 'wrong': 113, 'partial': 164} | 629.8s

===== round r003_s1: graphs=['s1'] retrieval={} preset=official
    评测 150/616 (129s)
    评测 300/616 (238s)
judge failed: Error code: 429 - {'error': {'code': '1302', 'message': '您的账户已达到速率限制，请您控制请求频率'}}
    评测 450/616 (360s)
    评测 600/616 (465s)
precision judge attempt 1 failed: Error code: 429 - {'error': {'code': '1302', 'message': '您的账户已达到速率限制，请您控制请求频率'}}
precision judge attempt 2 failed: Error code: 429 - {'error': {'code': '1302', 'message': '您的账户已达到速率限制，请您控制请求频率'}}
precision judge attempt 3 failed: Error code: 429 - {'error': {'code': '1302', 'message': '您的账户已达到速率限制，请您控制请求频率'}}
  → exact 335/616 (参考 327) Δ=+8 ↑38 ↓30 | {'exact': 335, 'partial': 172, 'wrong': 109} | 645.5s

===== round r004_v4sess: graphs=['s1', 'v4session'] retrieval={} preset=official
    评测 150/616 (127s)
judge failed: Error code: 429 - {'error': {'code': '1302', 'message': '您的账户已达到速率限制，请您控制请求频率'}}
    评测 300/616 (234s)
    评测 450/616 (338s)
    评测 600/616 (437s)
precision judge attempt 1 failed: Error code: 429 - {'error': {'code': '1302', 'message': '您的账户已达到速率限制，请您控制请求频率'}}
precision judge attempt 1 failed: Error code: 429 - {'error': {'code': '1302', 'message': '您的账户已达到速率限制，请您控制请求频率'}}
precision judge attempt 2 failed: Error code: 429 - {'error': {'code': '1302', 'message': '您的账户已达到速率限制，请您控制请求频率'}}
precision judge attempt 3 failed: Error code: 429 - {'error': {'code': '1302', 'message': '您的账户已达到速率限制，请您控制请求频率'}}
  → exact 336/616 (参考 327) Δ=+9 ↑48 ↓39 | {'exact': 336, 'wrong': 116, 'partial': 164} | 599.2s

===== round r005_v5month: graphs=['s1', 'v5month'] retrieval={} preset=official
    评测 150/616 (120s)
judge failed: Error code: 429 - {'error': {'code': '1302', 'message': '您的账户已达到速率限制，请您控制请求频率'}}
    评测 300/616 (219s)
    评测 450/616 (353s)
    评测 600/616 (454s)
precision judge attempt 1 failed: Error code: 429 - {'error': {'code': '1302', 'message': '您的账户已达到速率限制，请您控制请求频率'}}
precision judge attempt 1 failed: Error code: 429 - {'error': {'code': '1302', 'message': '您的账户已达到速率限制，请您控制请求频率'}}
precision judge attempt 1 failed: Error code: 429 - {'error': {'code': '1302', 'message': '您的账户已达到速率限制，请您控制请求频率'}}
precision judge attempt 1 failed: Error code: 429 - {'error': {'code': '1302', 'message': '您的账户已达到速率限制，请您控制请求频率'}}
precision judge attempt 1 failed: Error code: 429 - {'error': {'code': '1302', 'message': '您的账户已达到速率限制，请您控制请求频率'}}
precision judge attempt 2 failed: Error code: 429 - {'error': {'code': '1302', 'message': '您的账户已达到速率限制，请您控制请求频率'}}
precision judge attempt 3 failed: Error code: 429 - {'error': {'code': '1302', 'message': '您的账户已达到速率限制，请您控制请求频率'}}
  → exact 332/616 (参考 327) Δ=+5 ↑44 ↓39 | {'exact': 332, 'partial': 168, 'wrong': 116} | 602.1s

===== round r006_v6pair: graphs=['s1', 'v6pair'] retrieval={} preset=official
judge failed: Error code: 429 - {'error': {'code': '1302', 'message': '您的账户已达到速率限制，请您控制请求频率'}}
    评测 150/616 (119s)
    评测 300/616 (217s)
    评测 450/616 (327s)
judge failed: Error code: 429 - {'error': {'code': '1302', 'message': '您的账户已达到速率限制，请您控制请求频率'}}
judge failed: Error code: 429 - {'error': {'code': '1302', 'message': '您的账户已达到速率限制，请您控制请求频率'}}
    评测 600/616 (462s)
precision judge attempt 1 failed: Error code: 429 - {'error': {'code': '1302', 'message': '您的账户已达到速率限制，请您控制请求频率'}}
precision judge attempt 2 failed: Error code: 429 - {'error': {'code': '1302', 'message': '您的账户已达到速率限制，请您控制请求频率'}}
precision judge attempt 1 failed: Error code: 429 - {'error': {'code': '1302', 'message': '您的账户已达到速率限制，请您控制请求频率'}}
precision judge attempt 1 failed: Error code: 429 - {'error': {'code': '1302', 'message': '您的账户已达到速率限制，请您控制请求频率'}}
precision judge attempt 2 failed: Error code: 429 - {'error': {'code': '1302', 'message': '您的账户已达到速率限制，请您控制请求频率'}}
precision judge attempt 1 failed: Error code: 429 - {'error': {'code': '1302', 'message': '您的账户已达到速率限制，请您控制请求频率'}}
precision judge attempt 1 failed: Error code: 429 - {'error': {'code': '1302', 'message': '您的账户已达到速率限制，请您控制请求频率'}}
precision judge attempt 2 failed: Error code: 429 - {'error': {'code': '1302', 'message': '您的账户已达到速率限制，请您控制请求频率'}}
precision judge attempt 3 failed: Error code: 429 - {'error': {'code': '1302', 'message': '您的账户已达到速率限制，请您控制请求频率'}}
  → exact 331/616 (参考 327) Δ=+4 ↑42 ↓38 | {'exact': 331, 'partial': 173, 'wrong': 112} | 634.8s

===== round r007_v8clu: graphs=['s1', 'v8cluster'] retrieval={} preset=official
    评测 150/616 (163s)
    评测 300/616 (267s)
judge failed: Error code: 429 - {'error': {'code': '1302', 'message': '您的账户已达到速率限制，请您控制请求频率'}}
    评测 450/616 (390s)
    ⚠ locomo_conv-47_qa134 失败: Error code: 400 - {'error': {'message': 'Receive batching backend response failed!', 'type
    评测 600/616 (488s)
precision judge attempt 1 failed: Error code: 429 - {'error': {'code': '1302', 'message': '您的账户已达到速率限制，请您控制请求频率'}}
precision judge attempt 1 failed: Error code: 429 - {'error': {'code': '1302', 'message': '您的账户已达到速率限制，请您控制请求频率'}}
precision judge attempt 1 failed: Error code: 429 - {'error': {'code': '1302', 'message': '您的账户已达到速率限制，请您控制请求频率'}}
precision judge attempt 2 failed: Error code: 429 - {'error': {'code': '1302', 'message': '您的账户已达到速率限制，请您控制请求频率'}}
precision judge attempt 3 failed: Error code: 429 - {'error': {'code': '1302', 'message': '您的账户已达到速率限制，请您控制请求频率'}}
  → exact 328/615 (参考 326) Δ=+2 ↑43 ↓41 | {'exact': 328, 'partial': 178, 'wrong': 109} | 644.2s

===== round r008_all: graphs=['s1', 'v4session', 'v5month', 'v6pair', 'v8cluster'] retrieval={} preset=official
judge failed: Error code: 429 - {'error': {'code': '1302', 'message': '您的账户已达到速率限制，请您控制请求频率'}}
    评测 150/616 (122s)
judge failed: Error code: 429 - {'error': {'code': '1302', 'message': '您的账户已达到速率限制，请您控制请求频率'}}
    评测 300/616 (237s)
judge failed: Error code: 429 - {'error': {'code': '1302', 'message': '您的账户已达到速率限制，请您控制请求频率'}}
judge failed: Error code: 429 - {'error': {'code': '1302', 'message': '您的账户已达到速率限制，请您控制请求频率'}}
judge failed: Error code: 429 - {'error': {'code': '1302', 'message': '您的账户已达到速率限制，请您控制请求频率'}}
    评测 450/616 (351s)
    评测 600/616 (452s)
precision judge attempt 1 failed: Error code: 429 - {'error': {'code': '1302', 'message': '您的账户已达到速率限制，请您控制请求频率'}}
precision judge attempt 1 failed: Error code: 429 - {'error': {'code': '1302', 'message': '您的账户已达到速率限制，请您控制请求频率'}}
precision judge attempt 2 failed: Error code: 429 - {'error': {'code': '1302', 'message': '您的账户已达到速率限制，请您控制请求频率'}}
precision judge attempt 1 failed: Error code: 429 - {'error': {'code': '1302', 'message': '您的账户已达到速率限制，请您控制请求频率'}}
precision judge attempt 2 failed: Error code: 429 - {'error': {'code': '1302', 'message': '您的账户已达到速率限制，请您控制请求频率'}}
precision judge attempt 1 failed: Error code: 429 - {'error': {'code': '1302', 'message': '您的账户已达到速率限制，请您控制请求频率'}}
precision judge attempt 1 failed: Error code: 429 - {'error': {'code': '1302', 'message': '您的账户已达到速率限制，请您控制请求频率'}}
precision judge attempt 1 failed: Error code: 429 - {'error': {'code': '1302', 'message': '您的账户已达到速率限制，请您控制请求频率'}}
precision judge attempt 1 failed: Error code: 429 - {'error': {'code': '1302', 'message': '您的账户已达到速率限制，请您控制请求频率'}}
precision judge attempt 1 failed: Error code: 429 - {'error': {'code': '1302', 'message': '您的账户已达到速率限制，请您控制请求频率'}}
precision judge attempt 1 failed: Error code: 429 - {'error': {'code': '1302', 'message': '您的账户已达到速率限制，请您控制请求频率'}}
precision judge attempt 2 failed: Error code: 429 - {'error': {'code': '1302', 'message': '您的账户已达到速率限制，请您控制请求频率'}}
precision judge attempt 3 failed: Error code: 429 - {'error': {'code': '1302', 'message': '您的账户已达到速率限制，请您控制请求频率'}}
  → exact 328/616 (参考 327) Δ=+1 ↑38 ↓37 | {'exact': 328, 'wrong': 116, 'partial': 172} | 642.4s

===== round r009_all_precise: graphs=['s1', 'v4session', 'v5month', 'v6pair', 'v8cluster'] retrieval={} preset=official_precise
    评测 150/616 (131s)
judge failed: Error code: 429 - {'error': {'code': '1302', 'message': '您的账户已达到速率限制，请您控制请求频率'}}
judge failed: Error code: 429 - {'error': {'code': '1302', 'message': '您的账户已达到速率限制，请您控制请求频率'}}
judge failed: Error code: 429 - {'error': {'code': '1302', 'message': '您的账户已达到速率限制，请您控制请求频率'}}
    评测 300/616 (229s)
    评测 450/616 (359s)
    评测 600/616 (484s)
precision judge attempt 1 failed: Error code: 429 - {'error': {'code': '1302', 'message': '您的账户已达到速率限制，请您控制请求频率'}}
precision judge attempt 1 failed: Error code: 429 - {'error': {'code': '1302', 'message': '您的账户已达到速率限制，请您控制请求频率'}}
precision judge attempt 2 failed: Error code: 429 - {'error': {'code': '1302', 'message': '您的账户已达到速率限制，请您控制请求频率'}}
precision judge attempt 1 failed: Error code: 429 - {'error': {'code': '1302', 'message': '您的账户已达到速率限制，请您控制请求频率'}}
precision judge attempt 2 failed: Error code: 429 - {'error': {'code': '1302', 'message': '您的账户已达到速率限制，请您控制请求频率'}}
precision judge attempt 1 failed: Error code: 429 - {'error': {'code': '1302', 'message': '您的账户已达到速率限制，请您控制请求频率'}}
precision judge attempt 2 failed: Error code: 429 - {'error': {'code': '1302', 'message': '您的账户已达到速率限制，请您控制请求频率'}}
precision judge attempt 3 failed: Error code: 429 - {'error': {'code': '1302', 'message': '您的账户已达到速率限制，请您控制请求频率'}}
  → exact 342/616 (参考 327) Δ=+15 ↑55 ↓40 | {'partial': 154, 'exact': 342, 'wrong': 120} | 655.9s

===== round r010_pool60: graphs=['s2'] retrieval={'pool': 60} preset=official
    评测 150/616 (115s)
    评测 300/616 (237s)
    评测 450/616 (346s)
    评测 600/616 (480s)
precision judge attempt 1 failed: Error code: 429 - {'error': {'code': '1302', 'message': '您的账户已达到速率限制，请您控制请求频率'}}
precision judge attempt 1 failed: Error code: 429 - {'error': {'code': '1302', 'message': '您的账户已达到速率限制，请您控制请求频率'}}
precision judge attempt 2 failed: Error code: 429 - {'error': {'code': '1302', 'message': '您的账户已达到速率限制，请您控制请求频率'}}
precision judge attempt 3 failed: Error code: 429 - {'error': {'code': '1302', 'message': '您的账户已达到速率限制，请您控制请求频率'}}
precision judge attempt 1 failed: Error code: 429 - {'error': {'code': '1302', 'message': '您的账户已达到速率限制，请您控制请求频率'}}
precision judge attempt 2 failed: Error code: 429 - {'error': {'code': '1302', 'message': '您的账户已达到速率限制，请您控制请求频率'}}
precision judge attempt 3 failed: Error code: 429 - {'error': {'code': '1302', 'message': '您的账户已达到速率限制，请您控制请求频率'}}
  → exact 337/616 (参考 327) Δ=+10 ↑50 ↓40 | {'exact': 337, 'partial': 163, 'wrong': 116} | 692.4s

===== round r011_seed8: graphs=['s2'] retrieval={'seed_k': 8} preset=official
judge failed: Error code: 429 - {'error': {'code': '1302', 'message': '您的账户已达到速率限制，请您控制请求频率'}}
judge failed: Error code: 429 - {'error': {'code': '1302', 'message': '您的账户已达到速率限制，请您控制请求频率'}}
    评测 150/616 (125s)
judge failed: Error code: 429 - {'error': {'code': '1302', 'message': '您的账户已达到速率限制，请您控制请求频率'}}
    评测 300/616 (233s)
    评测 450/616 (353s)
    评测 600/616 (469s)
precision judge attempt 1 failed: Error code: 429 - {'error': {'code': '1302', 'message': '您的账户已达到速率限制，请您控制请求频率'}}
precision judge attempt 2 failed: Error code: 429 - {'error': {'code': '1302', 'message': '您的账户已达到速率限制，请您控制请求频率'}}
precision judge attempt 1 failed: Error code: 429 - {'error': {'code': '1302', 'message': '您的账户已达到速率限制，请您控制请求频率'}}
precision judge attempt 2 failed: Error code: 429 - {'error': {'code': '1302', 'message': '您的账户已达到速率限制，请您控制请求频率'}}
precision judge attempt 3 failed: Error code: 429 - {'error': {'code': '1302', 'message': '您的账户已达到速率限制，请您控制请求频率'}}
precision judge attempt 1 failed: unparseable precision verdict: 
  → exact 323/616 (参考 327) Δ=-4 ↑39 ↓43 | {'exact': 323, 'partial': 170, 'wrong': 123} | 634.5s

===== round r012_pernode30: graphs=['s2'] retrieval={'per_node': 30} preset=official
    评测 150/616 (136s)
    评测 300/616 (242s)
judge failed: Error code: 429 - {'error': {'code': '1302', 'message': '您的账户已达到速率限制，请您控制请求频率'}}
    评测 450/616 (354s)
    评测 600/616 (493s)
precision judge attempt 1 failed: Error code: 429 - {'error': {'code': '1302', 'message': '您的账户已达到速率限制，请您控制请求频率'}}
precision judge attempt 2 failed: Error code: 429 - {'error': {'code': '1302', 'message': '您的账户已达到速率限制，请您控制请求频率'}}
precision judge attempt 3 failed: Error code: 429 - {'error': {'code': '1302', 'message': '您的账户已达到速率限制，请您控制请求频率'}}
  → exact 347/616 (参考 327) Δ=+20 ↑53 ↓33 | {'exact': 347, 'partial': 162, 'wrong': 107} | 669.2s

===== round r013_s2v8_precise: graphs=['s2', 'v8cluster'] retrieval={} preset=official_precise
    评测 150/616 (138s)
judge failed: Error code: 429 - {'error': {'code': '1302', 'message': '您的账户已达到速率限制，请您控制请求频率'}}
    评测 300/616 (248s)
    评测 450/616 (362s)
    评测 600/616 (484s)
precision judge attempt 1 failed: Error code: 429 - {'error': {'code': '1302', 'message': '您的账户已达到速率限制，请您控制请求频率'}}
precision judge attempt 2 failed: Error code: 429 - {'error': {'code': '1302', 'message': '您的账户已达到速率限制，请您控制请求频率'}}
precision judge attempt 3 failed: Error code: 429 - {'error': {'code': '1302', 'message': '您的账户已达到速率限制，请您控制请求频率'}}
  → exact 345/616 (参考 327) Δ=+18 ↑51 ↓33 | {'exact': 345, 'wrong': 121, 'partial': 150} | 659.2s

✓ 完成，结果追加在 results/search_rounds.jsonl
