The 'chroma' vector store does not support keyword search. Hybrid (BM25) scoring will be disabled and search will use semantic similarity only. To enable hybrid search, switch to a store with keyword_search support (e.g. qdrant, elasticsearch, pgvector).
[PostHog] Multiple active PostHog clients detected for the same project API key and host. Reuse one Posthog instance per app or process when possible to avoid competing background queues and missed shutdown flushes. Multiple clients are supported when intentional.
记忆 1829 条
[variant] s1: {'preexisting': {'Entity': 1455, 'Event': 1074, 'Preference': 978}}
[variant] s2: {'preexisting': {'Entity': 1455, 'Event': 1074, 'Preference': 978, 'Concept': 274}}
[variant] v4session: {'built': {'V4Session': 272, 'edges': 1829, 'duration_s': 7.4}}
[variant] v5month: {'built': {'V5Month': 269, 'edges': 1829, 'duration_s': 7.4}}
[variant] v6pair: {'built': {'V6Pair': 2706, 'edges': 4094, 'duration_s': 16.2}}
[variant] v8cluster: {'built': {'V8Cluster': 68, 'edges': 1829, 'duration_s': 26.6}}
[Resume] 已完成 14 轮
本轮执行 1 轮，dev 题集 616

===== round r014_recalib: graphs=['s2'] retrieval={} preset=official
Failed to load spaCy lemma model: spaCy is not installed. Install it with: pip install mem0ai[nlp]
Failed to load spaCy full model: spaCy is not installed. Install it with: pip install mem0ai[nlp]
    评测 150/616 (129s)
    评测 300/616 (246s)
    评测 450/616 (361s)
judge failed: Error code: 429 - {'error': {'code': '1302', 'message': '您的账户已达到速率限制，请您控制请求频率'}}
judge failed: Error code: 429 - {'error': {'code': '1302', 'message': '您的账户已达到速率限制，请您控制请求频率'}}
    评测 600/616 (472s)
precision judge attempt 1 failed: Error code: 429 - {'error': {'code': '1302', 'message': '您的账户已达到速率限制，请您控制请求频率'}}
precision judge attempt 2 failed: Error code: 429 - {'error': {'code': '1302', 'message': '您的账户已达到速率限制，请您控制请求频率'}}
precision judge attempt 1 failed: Error code: 429 - {'error': {'code': '1302', 'message': '您的账户已达到速率限制，请您控制请求频率'}}
precision judge attempt 1 failed: Error code: 429 - {'error': {'code': '1302', 'message': '您的账户已达到速率限制，请您控制请求频率'}}
precision judge attempt 2 failed: Error code: 429 - {'error': {'code': '1302', 'message': '您的账户已达到速率限制，请您控制请求频率'}}
precision judge attempt 1 failed: Error code: 429 - {'error': {'code': '1302', 'message': '您的账户已达到速率限制，请您控制请求频率'}}
precision judge attempt 1 failed: Error code: 429 - {'error': {'code': '1302', 'message': '您的账户已达到速率限制，请您控制请求频率'}}
precision judge attempt 2 failed: Error code: 429 - {'error': {'code': '1302', 'message': '您的账户已达到速率限制，请您控制请求频率'}}
precision judge attempt 3 failed: Error code: 429 - {'error': {'code': '1302', 'message': '您的账户已达到速率限制，请您控制请求频率'}}
precision judge attempt 1 failed: Error code: 429 - {'error': {'code': '1302', 'message': '您的账户已达到速率限制，请您控制请求频率'}}
precision judge attempt 1 failed: Error code: 429 - {'error': {'code': '1302', 'message': '您的账户已达到速率限制，请您控制请求频率'}}
precision judge attempt 2 failed: Error code: 429 - {'error': {'code': '1302', 'message': '您的账户已达到速率限制，请您控制请求频率'}}
precision judge attempt 3 failed: Error code: 429 - {'error': {'code': '1302', 'message': '您的账户已达到速率限制，请您控制请求频率'}}
precision judge attempt 1 failed: Error code: 429 - {'error': {'code': '1302', 'message': '您的账户已达到速率限制，请您控制请求频率'}}
precision judge attempt 2 failed: Error code: 429 - {'error': {'code': '1302', 'message': '您的账户已达到速率限制，请您控制请求频率'}}
precision judge attempt 3 failed: Error code: 429 - {'error': {'code': '1302', 'message': '您的账户已达到速率限制，请您控制请求频率'}}
  → exact 333/616 (参考 327) Δ=+6 ↑44 ↓38 | {'exact': 333, 'partial': 170, 'wrong': 113} | 640.2s

✓ 完成，结果追加在 results/search_rounds.jsonl
